[22-Aug-2022 03:53:54 Europe/Berlin] PHP Fatal error:  Uncaught Error: Call to a member function query() on null in D:\RealWorld(DE)\Dhir\inc\Utilities\CustomerDAO.class.php:49
Stack trace:
#0 D:\RealWorld(DE)\Dhir\Admin_Customers.php(11): CustomerDAO::getCustomers()
#1 {main}
  thrown in D:\RealWorld(DE)\Dhir\inc\Utilities\CustomerDAO.class.php on line 49
[22-Aug-2022 03:54:32 Europe/Berlin] PHP Fatal error:  Uncaught Error: Call to a member function query() on null in D:\RealWorld(DE)\Dhir\inc\Utilities\CustomerDAO.class.php:49
Stack trace:
#0 D:\RealWorld(DE)\Dhir\Admin_Customers.php(11): CustomerDAO::getCustomers()
#1 {main}
  thrown in D:\RealWorld(DE)\Dhir\inc\Utilities\CustomerDAO.class.php on line 49
[22-Aug-2022 04:02:28 Europe/Berlin] PHP Fatal error:  Uncaught Error: Call to a member function query() on null in D:\RealWorld(DE)\Dhir\inc\Utilities\CustomerDAO.class.php:49
Stack trace:
#0 D:\RealWorld(DE)\Dhir\Admin_Customers.php(11): CustomerDAO::getCustomers()
#1 {main}
  thrown in D:\RealWorld(DE)\Dhir\inc\Utilities\CustomerDAO.class.php on line 49
[22-Aug-2022 04:03:05 Europe/Berlin] PHP Fatal error:  Uncaught Error: Call to a member function query() on null in D:\RealWorld(DE)\Dhir\inc\Utilities\CustomerDAO.class.php:49
Stack trace:
#0 D:\RealWorld(DE)\Dhir\Admin_Customers.php(11): CustomerDAO::getCustomers()
#1 {main}
  thrown in D:\RealWorld(DE)\Dhir\inc\Utilities\CustomerDAO.class.php on line 49
[22-Aug-2022 04:03:07 Europe/Berlin] PHP Fatal error:  Uncaught Error: Call to a member function query() on null in D:\RealWorld(DE)\Dhir\inc\Utilities\CustomerDAO.class.php:49
Stack trace:
#0 D:\RealWorld(DE)\Dhir\Admin_Customers.php(11): CustomerDAO::getCustomers()
#1 {main}
  thrown in D:\RealWorld(DE)\Dhir\inc\Utilities\CustomerDAO.class.php on line 49
[22-Aug-2022 04:03:14 Europe/Berlin] PHP Fatal error:  Uncaught Error: Call to a member function query() on null in D:\RealWorld(DE)\Dhir\inc\Utilities\CustomerDAO.class.php:49
Stack trace:
#0 D:\RealWorld(DE)\Dhir\Admin_Customers.php(11): CustomerDAO::getCustomers()
#1 {main}
  thrown in D:\RealWorld(DE)\Dhir\inc\Utilities\CustomerDAO.class.php on line 49
[22-Aug-2022 04:17:53 Europe/Berlin] PHP Fatal error:  Uncaught Error: Call to a member function query() on null in D:\RealWorld(DE)\Dhir\inc\Utilities\CustomerDAO.class.php:50
Stack trace:
#0 D:\RealWorld(DE)\Dhir\Admin_Customers.php(11): CustomerDAO::getCustomers()
#1 {main}
  thrown in D:\RealWorld(DE)\Dhir\inc\Utilities\CustomerDAO.class.php on line 50
[22-Aug-2022 04:28:14 Europe/Berlin] PHP Fatal error:  Uncaught Error: Call to a member function query() on null in D:\RealWorld(DE)\Dhir\inc\Utilities\CustomerDAO.class.php:50
Stack trace:
#0 D:\RealWorld(DE)\Dhir\Admin_Customers.php(11): CustomerDAO::getCustomers()
#1 {main}
  thrown in D:\RealWorld(DE)\Dhir\inc\Utilities\CustomerDAO.class.php on line 50
[22-Aug-2022 04:28:28 Europe/Berlin] PHP Fatal error:  Uncaught Error: Call to a member function query() on null in D:\RealWorld(DE)\Dhir\inc\Utilities\CustomerDAO.class.php:50
Stack trace:
#0 D:\RealWorld(DE)\Dhir\Admin_Customers.php(11): CustomerDAO::getCustomers()
#1 {main}
  thrown in D:\RealWorld(DE)\Dhir\inc\Utilities\CustomerDAO.class.php on line 50
[22-Aug-2022 04:28:40 Europe/Berlin] PHP Fatal error:  Uncaught Error: Call to a member function query() on null in D:\RealWorld(DE)\Dhir\inc\Utilities\CustomerDAO.class.php:50
Stack trace:
#0 D:\RealWorld(DE)\Dhir\Admin_Customers.php(12): CustomerDAO::getCustomers()
#1 {main}
  thrown in D:\RealWorld(DE)\Dhir\inc\Utilities\CustomerDAO.class.php on line 50
[22-Aug-2022 04:28:42 Europe/Berlin] PHP Fatal error:  Uncaught Error: Call to a member function query() on null in D:\RealWorld(DE)\Dhir\inc\Utilities\CustomerDAO.class.php:50
Stack trace:
#0 D:\RealWorld(DE)\Dhir\Admin_Customers.php(12): CustomerDAO::getCustomers()
#1 {main}
  thrown in D:\RealWorld(DE)\Dhir\inc\Utilities\CustomerDAO.class.php on line 50
[22-Aug-2022 04:29:01 Europe/Berlin] PHP Fatal error:  Uncaught Error: Call to a member function query() on null in D:\RealWorld(DE)\Dhir\inc\Utilities\CustomerDAO.class.php:50
Stack trace:
#0 D:\RealWorld(DE)\Dhir\Admin_Customers.php(11): CustomerDAO::getCustomers()
#1 {main}
  thrown in D:\RealWorld(DE)\Dhir\inc\Utilities\CustomerDAO.class.php on line 50
[22-Aug-2022 04:29:24 Europe/Berlin] PHP Fatal error:  Uncaught Error: Call to a member function query() on null in D:\RealWorld(DE)\Dhir\inc\Utilities\CustomerDAO.class.php:50
Stack trace:
#0 D:\RealWorld(DE)\Dhir\Admin_Customers.php(11): CustomerDAO::getCustomers()
#1 {main}
  thrown in D:\RealWorld(DE)\Dhir\inc\Utilities\CustomerDAO.class.php on line 50
[22-Aug-2022 04:29:44 Europe/Berlin] PHP Fatal error:  Uncaught Error: Call to a member function query() on null in D:\RealWorld(DE)\Dhir\inc\Utilities\CustomerDAO.class.php:50
Stack trace:
#0 D:\RealWorld(DE)\Dhir\Admin_Customers.php(12): CustomerDAO::getCustomers()
#1 {main}
  thrown in D:\RealWorld(DE)\Dhir\inc\Utilities\CustomerDAO.class.php on line 50
[22-Aug-2022 04:29:45 Europe/Berlin] PHP Fatal error:  Uncaught Error: Call to a member function query() on null in D:\RealWorld(DE)\Dhir\inc\Utilities\CustomerDAO.class.php:50
Stack trace:
#0 D:\RealWorld(DE)\Dhir\Admin_Customers.php(12): CustomerDAO::getCustomers()
#1 {main}
  thrown in D:\RealWorld(DE)\Dhir\inc\Utilities\CustomerDAO.class.php on line 50
[22-Aug-2022 04:29:50 Europe/Berlin] PHP Fatal error:  Uncaught Error: Call to a member function query() on null in D:\RealWorld(DE)\Dhir\inc\Utilities\CustomerDAO.class.php:50
Stack trace:
#0 D:\RealWorld(DE)\Dhir\Admin_Customers.php(12): CustomerDAO::getCustomers()
#1 {main}
  thrown in D:\RealWorld(DE)\Dhir\inc\Utilities\CustomerDAO.class.php on line 50
[22-Aug-2022 05:30:31 Europe/Berlin] PHP Fatal error:  Uncaught Error: Call to a member function query() on null in D:\RealWorld(DE)\Dhir\inc\Utilities\CustomerDAO.class.php:50
Stack trace:
#0 D:\RealWorld(DE)\Dhir\Admin_Customers.php(12): CustomerDAO::getCustomers()
#1 {main}
  thrown in D:\RealWorld(DE)\Dhir\inc\Utilities\CustomerDAO.class.php on line 50
[22-Aug-2022 05:30:34 Europe/Berlin] PHP Fatal error:  Uncaught Error: Call to a member function query() on null in D:\RealWorld(DE)\Dhir\inc\Utilities\CustomerDAO.class.php:50
Stack trace:
#0 D:\RealWorld(DE)\Dhir\Admin_Customers.php(12): CustomerDAO::getCustomers()
#1 {main}
  thrown in D:\RealWorld(DE)\Dhir\inc\Utilities\CustomerDAO.class.php on line 50
[22-Aug-2022 05:30:48 Europe/Berlin] PHP Fatal error:  Uncaught Error: Call to a member function query() on null in D:\RealWorld(DE)\Dhir\inc\Utilities\CustomerDAO.class.php:50
Stack trace:
#0 D:\RealWorld(DE)\Dhir\Admin_Customers.php(12): CustomerDAO::getCustomers()
#1 {main}
  thrown in D:\RealWorld(DE)\Dhir\inc\Utilities\CustomerDAO.class.php on line 50
[22-Aug-2022 05:32:42 Europe/Berlin] PHP Fatal error:  Uncaught Error: Cannot access private property Customer::$customer_id in D:\RealWorld(DE)\Dhir\inc\Pages\CustomerPage.class.php:53
Stack trace:
#0 D:\RealWorld(DE)\Dhir\Admin_Customers.php(12): CustomerPage::listCustomers(Array)
#1 {main}
  thrown in D:\RealWorld(DE)\Dhir\inc\Pages\CustomerPage.class.php on line 53
[22-Aug-2022 05:33:14 Europe/Berlin] PHP Warning:  Undefined property: Customer::$getCustomerID in D:\RealWorld(DE)\Dhir\inc\Pages\CustomerPage.class.php on line 53
[22-Aug-2022 05:33:14 Europe/Berlin] PHP Fatal error:  Uncaught Error: Cannot access private property Customer::$phone in D:\RealWorld(DE)\Dhir\inc\Pages\CustomerPage.class.php:54
Stack trace:
#0 D:\RealWorld(DE)\Dhir\Admin_Customers.php(12): CustomerPage::listCustomers(Array)
#1 {main}
  thrown in D:\RealWorld(DE)\Dhir\inc\Pages\CustomerPage.class.php on line 54
[22-Aug-2022 05:33:24 Europe/Berlin] PHP Fatal error:  Uncaught Error: Cannot access private property Customer::$phone in D:\RealWorld(DE)\Dhir\inc\Pages\CustomerPage.class.php:54
Stack trace:
#0 D:\RealWorld(DE)\Dhir\Admin_Customers.php(12): CustomerPage::listCustomers(Array)
#1 {main}
  thrown in D:\RealWorld(DE)\Dhir\inc\Pages\CustomerPage.class.php on line 54
[22-Aug-2022 05:33:55 Europe/Berlin] PHP Fatal error:  Uncaught Error: Cannot access private property Customer::$customer_id in D:\RealWorld(DE)\Dhir\inc\Pages\CustomerPage.class.php:59
Stack trace:
#0 D:\RealWorld(DE)\Dhir\Admin_Customers.php(12): CustomerPage::listCustomers(Array)
#1 {main}
  thrown in D:\RealWorld(DE)\Dhir\inc\Pages\CustomerPage.class.php on line 59
[22-Aug-2022 05:34:13 Europe/Berlin] PHP Fatal error:  Uncaught Error: Cannot access private property Customer::$customer_id in D:\RealWorld(DE)\Dhir\inc\Pages\CustomerPage.class.php:62
Stack trace:
#0 D:\RealWorld(DE)\Dhir\Admin_Customers.php(12): CustomerPage::listCustomers(Array)
#1 {main}
  thrown in D:\RealWorld(DE)\Dhir\inc\Pages\CustomerPage.class.php on line 62
[22-Aug-2022 05:50:38 Europe/Berlin] PHP Warning:  Undefined array key "action" in D:\RealWorld(DE)\Dhir\Admin_Customers.php on line 14
[22-Aug-2022 05:55:05 Europe/Berlin] PHP Warning:  Undefined array key "action" in D:\RealWorld(DE)\Dhir\Admin_Customers.php on line 14
[22-Aug-2022 06:39:37 Europe/Berlin] PHP Warning:  Undefined array key "id" in D:\RealWorld(DE)\Dhir\Admin_Customers.php on line 15
[22-Aug-2022 06:39:37 Europe/Berlin] PHP Warning:  Undefined array key "password" in D:\RealWorld(DE)\Dhir\Admin_Customers.php on line 19
[25-Aug-2022 00:07:20 Europe/Berlin] PHP Warning:  Undefined array key "name" in D:\RealWorld(DE)\Dhir\Admin_Customers.php on line 13
[25-Aug-2022 00:07:20 Europe/Berlin] PHP Warning:  Undefined array key "address" in D:\RealWorld(DE)\Dhir\Admin_Customers.php on line 14
[25-Aug-2022 00:07:20 Europe/Berlin] PHP Warning:  Undefined array key "gst" in D:\RealWorld(DE)\Dhir\Admin_Customers.php on line 15
[25-Aug-2022 00:07:20 Europe/Berlin] PHP Warning:  Undefined array key "phone" in D:\RealWorld(DE)\Dhir\Admin_Customers.php on line 16
[25-Aug-2022 00:07:40 Europe/Berlin] PHP Warning:  Undefined array key "name" in D:\RealWorld(DE)\Dhir\Admin_Customers.php on line 13
[25-Aug-2022 00:07:40 Europe/Berlin] PHP Warning:  Undefined array key "address" in D:\RealWorld(DE)\Dhir\Admin_Customers.php on line 14
[25-Aug-2022 00:07:40 Europe/Berlin] PHP Warning:  Undefined array key "gst" in D:\RealWorld(DE)\Dhir\Admin_Customers.php on line 15
[25-Aug-2022 00:07:40 Europe/Berlin] PHP Warning:  Undefined array key "phone" in D:\RealWorld(DE)\Dhir\Admin_Customers.php on line 16
[25-Aug-2022 00:07:46 Europe/Berlin] PHP Warning:  Undefined array key "name" in D:\RealWorld(DE)\Dhir\Admin_Customers.php on line 13
[25-Aug-2022 00:07:46 Europe/Berlin] PHP Warning:  Undefined array key "address" in D:\RealWorld(DE)\Dhir\Admin_Customers.php on line 14
[25-Aug-2022 00:07:46 Europe/Berlin] PHP Warning:  Undefined array key "gst" in D:\RealWorld(DE)\Dhir\Admin_Customers.php on line 15
[25-Aug-2022 00:07:46 Europe/Berlin] PHP Warning:  Undefined array key "phone" in D:\RealWorld(DE)\Dhir\Admin_Customers.php on line 16
[25-Aug-2022 00:09:06 Europe/Berlin] PHP Warning:  Undefined variable $updateCustomer in D:\RealWorld(DE)\Dhir\Admin_Customers.php on line 37
[25-Aug-2022 00:09:06 Europe/Berlin] PHP Fatal error:  Uncaught TypeError: CustomerPage::editCustomer(): Argument #1 ($CustomerToEdit) must be of type Customer, null given, called in D:\RealWorld(DE)\Dhir\Admin_Customers.php on line 37 and defined in D:\RealWorld(DE)\Dhir\inc\Pages\CustomerPage.class.php:106
Stack trace:
#0 D:\RealWorld(DE)\Dhir\Admin_Customers.php(37): CustomerPage::editCustomer(NULL)
#1 {main}
  thrown in D:\RealWorld(DE)\Dhir\inc\Pages\CustomerPage.class.php on line 106
[25-Aug-2022 00:14:12 Europe/Berlin] PHP Warning:  Undefined array key "id" in D:\RealWorld(DE)\Dhir\Admin_Customers.php on line 38
[25-Aug-2022 00:14:12 Europe/Berlin] PHP Fatal error:  Uncaught TypeError: CustomerPage::editCustomer(): Argument #1 ($CustomerToEdit) must be of type Customer, bool given, called in D:\RealWorld(DE)\Dhir\Admin_Customers.php on line 38 and defined in D:\RealWorld(DE)\Dhir\inc\Pages\CustomerPage.class.php:106
Stack trace:
#0 D:\RealWorld(DE)\Dhir\Admin_Customers.php(38): CustomerPage::editCustomer(false)
#1 {main}
  thrown in D:\RealWorld(DE)\Dhir\inc\Pages\CustomerPage.class.php on line 106
[26-Aug-2022 02:48:21 Europe/Berlin] PHP Fatal error:  Uncaught PDOException: SQLSTATE[23000]: Integrity constraint violation: 1062 Duplicate entry '2366658956' for key 'phone' in D:\RealWorld(DE)\Dhir\inc\Utilities\PDOService.class.php:86
Stack trace:
#0 D:\RealWorld(DE)\Dhir\inc\Utilities\PDOService.class.php(86): PDOStatement->execute()
#1 D:\RealWorld(DE)\Dhir\inc\Utilities\CustomerDAO.class.php(31): PDOService->execute()
#2 D:\RealWorld(DE)\Dhir\Admin_Customers.php(22): CustomerDAO::createCustomer(Object(Customer))
#3 {main}
  thrown in D:\RealWorld(DE)\Dhir\inc\Utilities\PDOService.class.php on line 86
[26-Aug-2022 02:56:17 Europe/Berlin] PHP Warning:  Undefined property: Customer::$CustomerID in D:\RealWorld(DE)\Dhir\inc\Pages\CustomerPage.class.php on line 109
[26-Aug-2022 02:57:35 Europe/Berlin] PHP Warning:  Undefined array key "customer_id" in D:\RealWorld(DE)\Dhir\inc\Pages\CustomerPage.class.php on line 109
[26-Aug-2022 06:11:40 Europe/Berlin] PHP Warning:  Undefined property: Customer::$Phone in D:\RealWorld(DE)\Dhir\inc\Pages\CustomerPage.class.php on line 118
[26-Aug-2022 06:12:01 Europe/Berlin] PHP Fatal error:  Uncaught Error: Cannot access private property Customer::$phone in D:\RealWorld(DE)\Dhir\inc\Pages\CustomerPage.class.php:118
Stack trace:
#0 D:\RealWorld(DE)\Dhir\Admin_Customers.php(41): CustomerPage::editCustomer(Object(Customer))
#1 {main}
  thrown in D:\RealWorld(DE)\Dhir\inc\Pages\CustomerPage.class.php on line 118
[26-Aug-2022 08:03:25 Europe/Berlin] PHP Warning:  Undefined variable $newCustomer in D:\RealWorld(DE)\Dhir\Admin_Customers.php on line 45
[26-Aug-2022 08:03:25 Europe/Berlin] PHP Fatal error:  Uncaught TypeError: CustomerDAO::createCustomer(): Argument #1 ($newCustomer) must be of type Customer, null given, called in D:\RealWorld(DE)\Dhir\Admin_Customers.php on line 45 and defined in D:\RealWorld(DE)\Dhir\inc\Utilities\CustomerDAO.class.php:14
Stack trace:
#0 D:\RealWorld(DE)\Dhir\Admin_Customers.php(45): CustomerDAO::createCustomer(NULL)
#1 {main}
  thrown in D:\RealWorld(DE)\Dhir\inc\Utilities\CustomerDAO.class.php on line 14
[27-Aug-2022 03:37:52 Europe/Berlin] PHP Fatal error:  Uncaught PDOException: SQLSTATE[HY093]: Invalid parameter number: number of bound variables does not match number of tokens in D:\RealWorld(DE)\Dhir\inc\Utilities\PDOService.class.php:86
Stack trace:
#0 D:\RealWorld(DE)\Dhir\inc\Utilities\PDOService.class.php(86): PDOStatement->execute()
#1 D:\RealWorld(DE)\Dhir\inc\Utilities\CustomerDAO.class.php(77): PDOService->execute()
#2 D:\RealWorld(DE)\Dhir\Admin_Customers.php(31): CustomerDAO::updateCustomer(Object(Customer))
#3 {main}
  thrown in D:\RealWorld(DE)\Dhir\inc\Utilities\PDOService.class.php on line 86
[27-Aug-2022 03:39:23 Europe/Berlin] PHP Fatal error:  Uncaught PDOException: SQLSTATE[HY093]: Invalid parameter number: number of bound variables does not match number of tokens in D:\RealWorld(DE)\Dhir\inc\Utilities\PDOService.class.php:86
Stack trace:
#0 D:\RealWorld(DE)\Dhir\inc\Utilities\PDOService.class.php(86): PDOStatement->execute()
#1 D:\RealWorld(DE)\Dhir\inc\Utilities\CustomerDAO.class.php(76): PDOService->execute()
#2 D:\RealWorld(DE)\Dhir\Admin_Customers.php(31): CustomerDAO::updateCustomer(Object(Customer))
#3 {main}
  thrown in D:\RealWorld(DE)\Dhir\inc\Utilities\PDOService.class.php on line 86
[27-Aug-2022 03:39:40 Europe/Berlin] PHP Fatal error:  Uncaught PDOException: SQLSTATE[HY093]: Invalid parameter number: number of bound variables does not match number of tokens in D:\RealWorld(DE)\Dhir\inc\Utilities\PDOService.class.php:86
Stack trace:
#0 D:\RealWorld(DE)\Dhir\inc\Utilities\PDOService.class.php(86): PDOStatement->execute()
#1 D:\RealWorld(DE)\Dhir\inc\Utilities\CustomerDAO.class.php(76): PDOService->execute()
#2 D:\RealWorld(DE)\Dhir\Admin_Customers.php(31): CustomerDAO::updateCustomer(Object(Customer))
#3 {main}
  thrown in D:\RealWorld(DE)\Dhir\inc\Utilities\PDOService.class.php on line 86
[29-Aug-2022 01:22:47 Europe/Berlin] PHP Fatal error:  Uncaught PDOException: SQLSTATE[42S02]: Base table or view not found: 1146 Table 'dhir_enterprises.orderdetails' doesn't exist in D:\RealWorld(DE)\Dhir\inc\Utilities\PDOService.class.php:86
Stack trace:
#0 D:\RealWorld(DE)\Dhir\inc\Utilities\PDOService.class.php(86): PDOStatement->execute()
#1 D:\RealWorld(DE)\Dhir\inc\Utilities\OrdersDAO.class.php(118): PDOService->execute()
#2 D:\RealWorld(DE)\Dhir\Admin_Orders.php(21): OrdersDAO::getOrdersDetails()
#3 {main}
  thrown in D:\RealWorld(DE)\Dhir\inc\Utilities\PDOService.class.php on line 86
[29-Aug-2022 01:26:15 Europe/Berlin] PHP Fatal error:  Uncaught PDOException: SQLSTATE[42S22]: Column not found: 1054 Unknown column 'orderdetails.OrderID' in 'field list' in D:\RealWorld(DE)\Dhir\inc\Utilities\PDOService.class.php:86
Stack trace:
#0 D:\RealWorld(DE)\Dhir\inc\Utilities\PDOService.class.php(86): PDOStatement->execute()
#1 D:\RealWorld(DE)\Dhir\inc\Utilities\OrdersDAO.class.php(118): PDOService->execute()
#2 D:\RealWorld(DE)\Dhir\Admin_Orders.php(21): OrdersDAO::getOrdersDetails()
#3 {main}
  thrown in D:\RealWorld(DE)\Dhir\inc\Utilities\PDOService.class.php on line 86
[29-Aug-2022 04:38:01 Europe/Berlin] PHP Warning:  Undefined variable $current_order_id in D:\RealWorld(DE)\Dhir\Admin_Orders.php on line 32
[29-Aug-2022 04:43:01 Europe/Berlin] PHP Warning:  Undefined variable $newOrder in D:\RealWorld(DE)\Dhir\Admin_Orders.php on line 38
[29-Aug-2022 04:43:01 Europe/Berlin] PHP Fatal error:  Uncaught TypeError: OrderDetailsDAO::createOrderDetails(): Argument #1 ($newOrderDetails) must be of type OrderDetails, null given, called in D:\RealWorld(DE)\Dhir\Admin_Orders.php on line 38 and defined in D:\RealWorld(DE)\Dhir\inc\Utilities\OrderDetailsDAO.class.php:14
Stack trace:
#0 D:\RealWorld(DE)\Dhir\Admin_Orders.php(38): OrderDetailsDAO::createOrderDetails(NULL)
#1 {main}
  thrown in D:\RealWorld(DE)\Dhir\inc\Utilities\OrderDetailsDAO.class.php on line 14
[29-Aug-2022 04:46:46 Europe/Berlin] PHP Warning:  Undefined global variable $_SESSION in D:\RealWorld(DE)\Dhir\inc\Utilities\OrdersDAO.class.php on line 22
[29-Aug-2022 04:46:46 Europe/Berlin] PHP Warning:  Trying to access array offset on value of type null in D:\RealWorld(DE)\Dhir\inc\Utilities\OrdersDAO.class.php on line 22
[29-Aug-2022 04:47:18 Europe/Berlin] PHP Warning:  Undefined global variable $_SESSION in D:\RealWorld(DE)\Dhir\inc\Utilities\OrdersDAO.class.php on line 22
[29-Aug-2022 04:47:18 Europe/Berlin] PHP Warning:  Trying to access array offset on value of type null in D:\RealWorld(DE)\Dhir\inc\Utilities\OrdersDAO.class.php on line 22
[29-Aug-2022 04:47:51 Europe/Berlin] PHP Warning:  Undefined global variable $_SESSION in D:\RealWorld(DE)\Dhir\inc\Utilities\OrdersDAO.class.php on line 22
[29-Aug-2022 04:47:51 Europe/Berlin] PHP Warning:  Trying to access array offset on value of type null in D:\RealWorld(DE)\Dhir\inc\Utilities\OrdersDAO.class.php on line 22
[29-Aug-2022 04:48:37 Europe/Berlin] PHP Fatal error:  Uncaught PDOException: SQLSTATE[23000]: Integrity constraint violation: 1452 Cannot add or update a child row: a foreign key constraint fails (`dhir_enterprises`.`orders`, CONSTRAINT `orders_ibfk_1` FOREIGN KEY (`customer_id`) REFERENCES `customer` (`customer_id`)) in D:\RealWorld(DE)\Dhir\inc\Utilities\PDOService.class.php:86
Stack trace:
#0 D:\RealWorld(DE)\Dhir\inc\Utilities\PDOService.class.php(86): PDOStatement->execute()
#1 D:\RealWorld(DE)\Dhir\inc\Utilities\OrdersDAO.class.php(26): PDOService->execute()
#2 D:\RealWorld(DE)\Dhir\Admin_Orders.php(31): OrdersDAO::createOrder()
#3 {main}
  thrown in D:\RealWorld(DE)\Dhir\inc\Utilities\PDOService.class.php on line 86
[29-Aug-2022 04:57:31 Europe/Berlin] PHP Fatal error:  Uncaught PDOException: SQLSTATE[23000]: Integrity constraint violation: 1452 Cannot add or update a child row: a foreign key constraint fails (`dhir_enterprises`.`orders`, CONSTRAINT `orders_ibfk_1` FOREIGN KEY (`customer_id`) REFERENCES `customer` (`customer_id`)) in D:\RealWorld(DE)\Dhir\inc\Utilities\PDOService.class.php:86
Stack trace:
#0 D:\RealWorld(DE)\Dhir\inc\Utilities\PDOService.class.php(86): PDOStatement->execute()
#1 D:\RealWorld(DE)\Dhir\inc\Utilities\OrdersDAO.class.php(26): PDOService->execute()
#2 D:\RealWorld(DE)\Dhir\Admin_Orders.php(31): OrdersDAO::createOrder()
#3 {main}
  thrown in D:\RealWorld(DE)\Dhir\inc\Utilities\PDOService.class.php on line 86
[29-Aug-2022 04:59:00 Europe/Berlin] PHP Fatal error:  Uncaught PDOException: SQLSTATE[23000]: Integrity constraint violation: 1452 Cannot add or update a child row: a foreign key constraint fails (`dhir_enterprises`.`orders`, CONSTRAINT `orders_ibfk_1` FOREIGN KEY (`customer_id`) REFERENCES `customer` (`customer_id`)) in D:\RealWorld(DE)\Dhir\inc\Utilities\PDOService.class.php:86
Stack trace:
#0 D:\RealWorld(DE)\Dhir\inc\Utilities\PDOService.class.php(86): PDOStatement->execute()
#1 D:\RealWorld(DE)\Dhir\inc\Utilities\OrdersDAO.class.php(26): PDOService->execute()
#2 D:\RealWorld(DE)\Dhir\Admin_Orders.php(31): OrdersDAO::createOrder()
#3 {main}
  thrown in D:\RealWorld(DE)\Dhir\inc\Utilities\PDOService.class.php on line 86
[29-Aug-2022 05:18:42 Europe/Berlin] PHP Fatal error:  Uncaught Error: Call to undefined method Orders::getCustomerID() in D:\RealWorld(DE)\Dhir\inc\Pages\OrdersPage.class.php:55
Stack trace:
#0 D:\RealWorld(DE)\Dhir\Admin_Orders.php(43): OrdersPage::listAllOrders(Array)
#1 {main}
  thrown in D:\RealWorld(DE)\Dhir\inc\Pages\OrdersPage.class.php on line 55
[29-Aug-2022 05:20:21 Europe/Berlin] PHP Fatal error:  Uncaught Error: Call to undefined method Orders::getName() in D:\RealWorld(DE)\Dhir\inc\Pages\OrdersPage.class.php:56
Stack trace:
#0 D:\RealWorld(DE)\Dhir\Admin_Orders.php(43): OrdersPage::listAllOrders(Array)
#1 {main}
  thrown in D:\RealWorld(DE)\Dhir\inc\Pages\OrdersPage.class.php on line 56
[29-Aug-2022 05:20:32 Europe/Berlin] PHP Fatal error:  Uncaught Error: Call to undefined method Orders::getItemName() in D:\RealWorld(DE)\Dhir\inc\Pages\OrdersPage.class.php:57
Stack trace:
#0 D:\RealWorld(DE)\Dhir\Admin_Orders.php(43): OrdersPage::listAllOrders(Array)
#1 {main}
  thrown in D:\RealWorld(DE)\Dhir\inc\Pages\OrdersPage.class.php on line 57
[29-Aug-2022 05:20:56 Europe/Berlin] PHP Fatal error:  Uncaught Error: Call to undefined method Orders::getPrice() in D:\RealWorld(DE)\Dhir\inc\Pages\OrdersPage.class.php:58
Stack trace:
#0 D:\RealWorld(DE)\Dhir\Admin_Orders.php(43): OrdersPage::listAllOrders(Array)
#1 {main}
  thrown in D:\RealWorld(DE)\Dhir\inc\Pages\OrdersPage.class.php on line 58
[29-Aug-2022 05:21:04 Europe/Berlin] PHP Fatal error:  Uncaught Error: Call to undefined method Orders::getQuantity() in D:\RealWorld(DE)\Dhir\inc\Pages\OrdersPage.class.php:59
Stack trace:
#0 D:\RealWorld(DE)\Dhir\Admin_Orders.php(43): OrdersPage::listAllOrders(Array)
#1 {main}
  thrown in D:\RealWorld(DE)\Dhir\inc\Pages\OrdersPage.class.php on line 59
[29-Aug-2022 05:51:32 Europe/Berlin] PHP Fatal error:  Uncaught Error: Call to undefined method Orders::getCustomerID() in D:\RealWorld(DE)\Dhir\inc\Pages\OrdersPage.class.php:55
Stack trace:
#0 D:\RealWorld(DE)\Dhir\Admin_Orders.php(43): OrdersPage::listAllOrders(Array)
#1 {main}
  thrown in D:\RealWorld(DE)\Dhir\inc\Pages\OrdersPage.class.php on line 55
[29-Aug-2022 05:57:58 Europe/Berlin] PHP Warning:  Undefined property: Orders::$CustomerID in D:\RealWorld(DE)\Dhir\inc\Pages\OrdersPage.class.php on line 55
[29-Aug-2022 05:57:58 Europe/Berlin] PHP Fatal error:  Uncaught Error: Call to undefined method Orders::getName() in D:\RealWorld(DE)\Dhir\inc\Pages\OrdersPage.class.php:56
Stack trace:
#0 D:\RealWorld(DE)\Dhir\Admin_Orders.php(43): OrdersPage::listAllOrders(Array)
#1 {main}
  thrown in D:\RealWorld(DE)\Dhir\inc\Pages\OrdersPage.class.php on line 56
[29-Aug-2022 05:58:19 Europe/Berlin] PHP Fatal error:  Uncaught Error: Call to undefined method Orders::getName() in D:\RealWorld(DE)\Dhir\inc\Pages\OrdersPage.class.php:56
Stack trace:
#0 D:\RealWorld(DE)\Dhir\Admin_Orders.php(43): OrdersPage::listAllOrders(Array)
#1 {main}
  thrown in D:\RealWorld(DE)\Dhir\inc\Pages\OrdersPage.class.php on line 56
[29-Aug-2022 06:00:35 Europe/Berlin] PHP Fatal error:  Uncaught Error: Call to undefined method Orders::getPrice() in D:\RealWorld(DE)\Dhir\inc\Pages\OrdersPage.class.php:60
Stack trace:
#0 D:\RealWorld(DE)\Dhir\Admin_Orders.php(43): OrdersPage::listAllOrders(Array)
#1 {main}
  thrown in D:\RealWorld(DE)\Dhir\inc\Pages\OrdersPage.class.php on line 60
[29-Aug-2022 06:10:02 Europe/Berlin] PHP Warning:  Undefined array key "o" in D:\RealWorld(DE)\Dhir\Admin_Orders.php on line 29
[29-Aug-2022 06:10:02 Europe/Berlin] PHP Fatal error:  Uncaught TypeError: OrdersDAO::deleteOrder(): Argument #1 ($customer_id) must be of type string, null given, called in D:\RealWorld(DE)\Dhir\Admin_Orders.php on line 29 and defined in D:\RealWorld(DE)\Dhir\inc\Utilities\OrdersDAO.class.php:145
Stack trace:
#0 D:\RealWorld(DE)\Dhir\Admin_Orders.php(29): OrdersDAO::deleteOrder(NULL)
#1 {main}
  thrown in D:\RealWorld(DE)\Dhir\inc\Utilities\OrdersDAO.class.php on line 145
